// Jest Snapshot v1, https://goo.gl/fbAQLP

exports[`Testing Button component Matches snapshot 1`] = `
<div>
  <button>
    Plus
  </button>
  <p>
    Counter: 
    0
  </p>
  <span>
    Current day: 
  </span>
</div>
`;
